// Jest Snapshot v1, https://goo.gl/fbAQLP

exports[`DropDown DropDown selectOption이 화면에 보인다. 1`] = `
<div
  class="sc-bdnxRM knzmnr"
>
  <div
    class="sc-gtsrHT ddRnLq"
  >
    광고비
    <div
      class="sc-dlnjwi jzVlaj"
    >
      <svg
        fill="none"
        height="8"
        viewBox="0 0 12 8"
        width="12"
        xmlns="http://www.w3.org/2000/svg"
      >
        <path
          d="M1.41 0.589966L6 5.16997L10.59 0.589966L12 1.99997L6 7.99997L0 1.99997L1.41 0.589966Z"
          fill="#3A474E"
        />
      </svg>
    </div>
  </div>
  <ul
    class="sc-hKFxyN dxCxFE"
  />
</div>
`;
